www.google.com
https://assets.kucoin.com/www/coin/pc/$$$.png
https://assets.kucoin.com/www/coin/pc/$PAC.png
https://assets.kucoin.com/www/coin/pc/18T.png
https://assets.kucoin.com/www/coin/pc/1ST.png
https://assets.kucoin.com/www/coin/pc/21M.png
https://assets.kucoin.com/www/coin/pc/300.png
https://assets.kucoin.com/www/coin/pc/42.png
https://assets.kucoin.com/www/coin/pc/611.png
https://assets.kucoin.com/www/coin/pc/888.png
https://assets.kucoin.com/www/coin/pc/8BIT.png
https://assets.kucoin.com/www/coin/pc/AAC.png
https://assets.kucoin.com/www/coin/pc/ABC.png
https://assets.kucoin.com/www/coin/pc/ABX.png
https://assets.kucoin.com/www/coin/pc/ABY.png
https://assets.kucoin.com/www/coin/pc/ABYSS.png
https://assets.kucoin.com/www/coin/pc/AC.png
https://assets.kucoin.com/www/coin/pc/AC3.png
https://assets.kucoin.com/www/coin/pc/ACE.png
https://assets.kucoin.com/www/coin/pc/ACOIN.png
https://assets.kucoin.com/www/coin/pc/ADA.png
https://assets.kucoin.com/www/coin/pc/ADC.png
https://assets.kucoin.com/www/coin/pc/ADH.png
https://assets.kucoin.com/www/coin/pc/ADI.png
https://assets.kucoin.com/www/coin/pc/ADT.png
https://assets.kucoin.com/www/coin/pc/ADX.png
https://assets.kucoin.com/www/coin/pc/AE.png
https://assets.kucoin.com/www/coin/pc/AGA.png
https://assets.kucoin.com/www/coin/pc/AID.png
https://assets.kucoin.com/www/coin/pc/AIR.png
https://assets.kucoin.com/www/coin/pc/AIRA.png
https://assets.kucoin.com/www/coin/pc/AIT.png
https://assets.kucoin.com/www/coin/pc/AKYU.png
https://assets.kucoin.com/www/coin/pc/ALB.png
https://assets.kucoin.com/www/coin/pc/ALCO.png
https://assets.kucoin.com/www/coin/pc/ALEX.png
https://assets.kucoin.com/www/coin/pc/ALG.png
https://assets.kucoin.com/www/coin/pc/ALL.png
https://assets.kucoin.com/www/coin/pc/ALT.png
https://assets.kucoin.com/www/coin/pc/AMM.png
https://assets.kucoin.com/www/coin/pc/AMP.png
https://assets.kucoin.com/www/coin/pc/ANA.png
https://assets.kucoin.com/www/coin/pc/ANGL.png
https://assets.kucoin.com/www/coin/pc/ANI.png
https://assets.kucoin.com/www/coin/pc/ANK.png
https://assets.kucoin.com/www/coin/pc/ANN.png
https://assets.kucoin.com/www/coin/pc/ANT.png
https://assets.kucoin.com/www/coin/pc/APIS.png
https://assets.kucoin.com/www/coin/pc/APPC.png
https://assets.kucoin.com/www/coin/pc/APX.png
https://assets.kucoin.com/www/coin/pc/ARCO.png
https://assets.kucoin.com/www/coin/pc/ARENA.png
https://assets.kucoin.com/www/coin/pc/ARG.png
https://assets.kucoin.com/www/coin/pc/ARGUS.png
https://assets.kucoin.com/www/coin/pc/ARI.png
https://assets.kucoin.com/www/coin/pc/ARK.png
https://assets.kucoin.com/www/coin/pc/ART.png
https://assets.kucoin.com/www/coin/pc/ARX.png
https://assets.kucoin.com/www/coin/pc/AST.png
https://assets.kucoin.com/www/coin/pc/ASTRO.png
https://assets.kucoin.com/www/coin/pc/ATH.png
https://assets.kucoin.com/www/coin/pc/ATL.png
https://assets.kucoin.com/www/coin/pc/ATM.png
https://assets.kucoin.com/www/coin/pc/ATMOS.png
https://assets.kucoin.com/www/coin/pc/ATMT.png
https://assets.kucoin.com/www/coin/pc/ATOM.png
https://assets.kucoin.com/www/coin/pc/ATS.png
https://assets.kucoin.com/www/coin/pc/ATT.png
https://assets.kucoin.com/www/coin/pc/AU.png
https://assets.kucoin.com/www/coin/pc/AUC.png
https://assets.kucoin.com/www/coin/pc/AUN.png
https://assets.kucoin.com/www/coin/pc/AUR.png
https://assets.kucoin.com/www/coin/pc/AURA.png
https://assets.kucoin.com/www/coin/pc/AURS.png
https://assets.kucoin.com/www/coin/pc/AVT.png
https://assets.kucoin.com/www/coin/pc/B2BX.png
https://assets.kucoin.com/www/coin/pc/BANCA.png
https://assets.kucoin.com/www/coin/pc/BAS.png
https://assets.kucoin.com/www/coin/pc/BASE.png
https://assets.kucoin.com/www/coin/pc/BAX.png
https://assets.kucoin.com/www/coin/pc/BAY.png
https://assets.kucoin.com/www/coin/pc/BBC.png
https://assets.kucoin.com/www/coin/pc/BBK.png
https://assets.kucoin.com/www/coin/pc/BBN.png
https://assets.kucoin.com/www/coin/pc/BBT.png
https://assets.kucoin.com/www/coin/pc/BCAP.png
https://assets.kucoin.com/www/coin/pc/BCDT.png
https://assets.kucoin.com/www/coin/pc/BCF.png
https://assets.kucoin.com/www/coin/pc/BCS.png
https://assets.kucoin.com/www/coin/pc/BDG.png
https://assets.kucoin.com/www/coin/pc/BDL.png
https://assets.kucoin.com/www/coin/pc/BEAN.png
https://assets.kucoin.com/www/coin/pc/BEAT.png
https://assets.kucoin.com/www/coin/pc/BEE.png
https://assets.kucoin.com/www/coin/pc/BEEFY.png
https://assets.kucoin.com/www/coin/pc/BEEZ.png
https://assets.kucoin.com/www/coin/pc/BENJA.png
https://assets.kucoin.com/www/coin/pc/BENJI.png
https://assets.kucoin.com/www/coin/pc/BERN.png
https://assets.kucoin.com/www/coin/pc/BERRY.png
https://assets.kucoin.com/www/coin/pc/BEST.png
https://assets.kucoin.com/www/coin/pc/BET.png
https://assets.kucoin.com/www/coin/pc/BETR.png
https://assets.kucoin.com/www/coin/pc/BEZ.png
https://assets.kucoin.com/www/coin/pc/BFI.png
https://assets.kucoin.com/www/coin/pc/BGR.png
https://assets.kucoin.com/www/coin/pc/BIP.png
https://assets.kucoin.com/www/coin/pc/BIS.png
https://assets.kucoin.com/www/coin/pc/BITC.png
https://assets.kucoin.com/www/coin/pc/BITG.png
https://assets.kucoin.com/www/coin/pc/BITS.png
https://assets.kucoin.com/www/coin/pc/BKBT.png
https://assets.kucoin.com/www/coin/pc/BKCAT.png
https://assets.kucoin.com/www/coin/pc/BKRX.png
https://assets.kucoin.com/www/coin/pc/BKX.png
https://assets.kucoin.com/www/coin/pc/BLC.png
https://assets.kucoin.com/www/coin/pc/BLK.png
https://assets.kucoin.com/www/coin/pc/BLN.png
https://assets.kucoin.com/www/coin/pc/BLOCK.png
https://assets.kucoin.com/www/coin/pc/BLT.png
https://assets.kucoin.com/www/coin/pc/BLUE.png
https://assets.kucoin.com/www/coin/pc/BLX.png
https://assets.kucoin.com/www/coin/pc/BM.png
https://assets.kucoin.com/www/coin/pc/BMC.png
https://assets.kucoin.com/www/coin/pc/BMH.png
https://assets.kucoin.com/www/coin/pc/BNC.png
https://assets.kucoin.com/www/coin/pc/BNT.png
https://assets.kucoin.com/www/coin/pc/BNX.png
https://assets.kucoin.com/www/coin/pc/BOLI.png
https://assets.kucoin.com/www/coin/pc/BON.png
https://assets.kucoin.com/www/coin/pc/BOON.png
https://assets.kucoin.com/www/coin/pc/BOSS.png
https://assets.kucoin.com/www/coin/pc/BOTA.png
https://assets.kucoin.com/www/coin/pc/BPL.png
https://assets.kucoin.com/www/coin/pc/BRAT.png
https://assets.kucoin.com/www/coin/pc/BRG.png
https://assets.kucoin.com/www/coin/pc/BRO.png
https://assets.kucoin.com/www/coin/pc/BSC.png
https://assets.kucoin.com/www/coin/pc/BSD.png
https://assets.kucoin.com/www/coin/pc/BSK.png
https://assets.kucoin.com/www/coin/pc/BST.png
https://assets.kucoin.com/www/coin/pc/BSTY.png
https://assets.kucoin.com/www/coin/pc/BTA.png
https://assets.kucoin.com/www/coin/pc/BTB.png
https://assets.kucoin.com/www/coin/pc/BTCD.png
https://assets.kucoin.com/www/coin/pc/BTCS.png
https://assets.kucoin.com/www/coin/pc/BTDX.png
https://assets.kucoin.com/www/coin/pc/BTEU.png
https://assets.kucoin.com/www/coin/pc/BTH.png
https://assets.kucoin.com/www/coin/pc/BTN.png
https://assets.kucoin.com/www/coin/pc/BTO.png
https://assets.kucoin.com/www/coin/pc/BTRN.png
https://assets.kucoin.com/www/coin/pc/BTT.png
https://assets.kucoin.com/www/coin/pc/BTX.png
https://assets.kucoin.com/www/coin/pc/BUBO.png
https://assets.kucoin.com/www/coin/pc/BUCKS.png
https://assets.kucoin.com/www/coin/pc/BUMBA.png
https://assets.kucoin.com/www/coin/pc/BUN.png
https://assets.kucoin.com/www/coin/pc/BUNNY.png
https://assets.kucoin.com/www/coin/pc/BUT.png
https://assets.kucoin.com/www/coin/pc/BVB.png
https://assets.kucoin.com/www/coin/pc/BWK.png
https://assets.kucoin.com/www/coin/pc/BXC.png
https://assets.kucoin.com/www/coin/pc/BZNT.png
https://assets.kucoin.com/www/coin/pc/C2.png
https://assets.kucoin.com/www/coin/pc/C20.png
https://assets.kucoin.com/www/coin/pc/CACH.png
https://assets.kucoin.com/www/coin/pc/CAJ.png
https://assets.kucoin.com/www/coin/pc/CANDY.png
https://assets.kucoin.com/www/coin/pc/CANN.png
https://assets.kucoin.com/www/coin/pc/CAR.png
https://assets.kucoin.com/www/coin/pc/CAS.png
https://assets.kucoin.com/www/coin/pc/CAS2.png
https://assets.kucoin.com/www/coin/pc/CASH.png
https://assets.kucoin.com/www/coin/pc/CAT2.png
https://assets.kucoin.com/www/coin/pc/CBT.png
https://assets.kucoin.com/www/coin/pc/CBX.png
https://assets.kucoin.com/www/coin/pc/CC.png
https://assets.kucoin.com/www/coin/pc/CCC.png
https://assets.kucoin.com/www/coin/pc/CCN.png
https://assets.kucoin.com/www/coin/pc/CCO.png
https://assets.kucoin.com/www/coin/pc/CCT.png
https://assets.kucoin.com/www/coin/pc/CDC.png
https://assets.kucoin.com/www/coin/pc/CDN.png
https://assets.kucoin.com/www/coin/pc/CDT.png
https://assets.kucoin.com/www/coin/pc/CE7.png
https://assets.kucoin.com/www/coin/pc/CEDEX.png
https://assets.kucoin.com/www/coin/pc/CEFS.png
https://assets.kucoin.com/www/coin/pc/CEL.png
https://assets.kucoin.com/www/coin/pc/CENNZ.png
https://assets.kucoin.com/www/coin/pc/CFC.png
https://assets.kucoin.com/www/coin/pc/CFI.png
https://assets.kucoin.com/www/coin/pc/CGC.png
https://assets.kucoin.com/www/coin/pc/CHAN.png
https://assets.kucoin.com/www/coin/pc/CHC.png
https://assets.kucoin.com/www/coin/pc/CHESS.png
https://assets.kucoin.com/www/coin/pc/CHX.png
https://assets.kucoin.com/www/coin/pc/CJ.png
https://assets.kucoin.com/www/coin/pc/CJT.png
https://assets.kucoin.com/www/coin/pc/CLAM.png
https://assets.kucoin.com/www/coin/pc/CLD.png
https://assets.kucoin.com/www/coin/pc/CLN.png
https://assets.kucoin.com/www/coin/pc/CLOAK.png
https://assets.kucoin.com/www/coin/pc/CLR.png
https://assets.kucoin.com/www/coin/pc/CLRT.png
https://assets.kucoin.com/www/coin/pc/CLT.png
https://assets.kucoin.com/www/coin/pc/CMCT.png
https://assets.kucoin.com/www/coin/pc/CMP.png
https://assets.kucoin.com/www/coin/pc/CMPCO.png
https://assets.kucoin.com/www/coin/pc/CMS.png
https://assets.kucoin.com/www/coin/pc/CND.png
https://assets.kucoin.com/www/coin/pc/CNN.png
https://assets.kucoin.com/www/coin/pc/CNNC.png
https://assets.kucoin.com/www/coin/pc/CNO.png
https://assets.kucoin.com/www/coin/pc/CNX.png
https://assets.kucoin.com/www/coin/pc/COAL.png
https://assets.kucoin.com/www/coin/pc/COB.png
https://assets.kucoin.com/www/coin/pc/COBU.png
https://assets.kucoin.com/www/coin/pc/COLX.png
https://assets.kucoin.com/www/coin/pc/COMBI.png
https://assets.kucoin.com/www/coin/pc/CON.png
https://assets.kucoin.com/www/coin/pc/COPPER.png
https://assets.kucoin.com/www/coin/pc/COR.png
https://assets.kucoin.com/www/coin/pc/CPAY.png
https://assets.kucoin.com/www/coin/pc/CPC.png
https://assets.kucoin.com/www/coin/pc/CPN.png
https://assets.kucoin.com/www/coin/pc/CPY.png
https://assets.kucoin.com/www/coin/pc/CQST.png
https://assets.kucoin.com/www/coin/pc/CRAVE.png
https://assets.kucoin.com/www/coin/pc/CRCN.png
https://assets.kucoin.com/www/coin/pc/CREA.png
https://assets.kucoin.com/www/coin/pc/CRED.png
https://assets.kucoin.com/www/coin/pc/CREDO.png
https://assets.kucoin.com/www/coin/pc/CRM.png
https://assets.kucoin.com/www/coin/pc/CRPT.png
https://assets.kucoin.com/www/coin/pc/CRTM.png
https://assets.kucoin.com/www/coin/pc/CRUR.png
https://assets.kucoin.com/www/coin/pc/CRX.png
https://assets.kucoin.com/www/coin/pc/CRYPHER.png
https://assets.kucoin.com/www/coin/pc/CRYPT.png
https://assets.kucoin.com/www/coin/pc/CSNO.png
https://assets.kucoin.com/www/coin/pc/CTE.png
https://assets.kucoin.com/www/coin/pc/CTF.png
https://assets.kucoin.com/www/coin/pc/CTIC3.png
https://assets.kucoin.com/www/coin/pc/CTT.png
https://assets.kucoin.com/www/coin/pc/CTX.png
https://assets.kucoin.com/www/coin/pc/CVT.png
https://assets.kucoin.com/www/coin/pc/CVT2.png
https://assets.kucoin.com/www/coin/pc/CXT.png
https://assets.kucoin.com/www/coin/pc/CZT.png
https://assets.kucoin.com/www/coin/pc/DAN.png
https://assets.kucoin.com/www/coin/pc/DARK.png
https://assets.kucoin.com/www/coin/pc/DAS.png
https://assets.kucoin.com/www/coin/pc/DATA.png
https://assets.kucoin.com/www/coin/pc/DATL.png
https://assets.kucoin.com/www/coin/pc/DAXT.png
https://assets.kucoin.com/www/coin/pc/DAXX.png
https://assets.kucoin.com/www/coin/pc/DAY.png
https://assets.kucoin.com/www/coin/pc/DBIX.png
https://assets.kucoin.com/www/coin/pc/DCBL.png
https://assets.kucoin.com/www/coin/pc/DCC.png
https://assets.kucoin.com/www/coin/pc/DCR.png
https://assets.kucoin.com/www/coin/pc/DCY.png
https://assets.kucoin.com/www/coin/pc/DDOOS.png
https://assets.kucoin.com/www/coin/pc/DEL.png
https://assets.kucoin.com/www/coin/pc/DEM.png
https://assets.kucoin.com/www/coin/pc/DEUS.png
https://assets.kucoin.com/www/coin/pc/DEV.png
https://assets.kucoin.com/www/coin/pc/DEX.png
https://assets.kucoin.com/www/coin/pc/DFS.png
https://assets.kucoin.com/www/coin/pc/DGC.png
https://assets.kucoin.com/www/coin/pc/DICE.png
https://assets.kucoin.com/www/coin/pc/DIME.png
https://assets.kucoin.com/www/coin/pc/DIVM.png
https://assets.kucoin.com/www/coin/pc/DIVX.png
https://assets.kucoin.com/www/coin/pc/DLT.png
https://assets.kucoin.com/www/coin/pc/DML.png
https://assets.kucoin.com/www/coin/pc/DMT.png
https://assets.kucoin.com/www/coin/pc/DNR.png
https://assets.kucoin.com/www/coin/pc/DNT.png
https://assets.kucoin.com/www/coin/pc/DOGE.png
https://assets.kucoin.com/www/coin/pc/DOM.png
https://assets.kucoin.com/www/coin/pc/DON.png
https://assets.kucoin.com/www/coin/pc/DOPE.png
https://assets.kucoin.com/www/coin/pc/DOT.png
https://assets.kucoin.com/www/coin/pc/DOV.png
https://assets.kucoin.com/www/coin/pc/DP.png
https://assets.kucoin.com/www/coin/pc/DPY.png
https://assets.kucoin.com/www/coin/pc/DRAGO.png
https://assets.kucoin.com/www/coin/pc/DRG.png
https://assets.kucoin.com/www/coin/pc/DRIP.png
https://assets.kucoin.com/www/coin/pc/DROP.png
https://assets.kucoin.com/www/coin/pc/DRPS.png
https://assets.kucoin.com/www/coin/pc/DRT.png
https://assets.kucoin.com/www/coin/pc/DRXNE.png
https://assets.kucoin.com/www/coin/pc/DTH.png
https://assets.kucoin.com/www/coin/pc/DUO.png
https://assets.kucoin.com/www/coin/pc/DVN.png
https://assets.kucoin.com/www/coin/pc/DXT.png
https://assets.kucoin.com/www/coin/pc/E4ROW.png
https://assets.kucoin.com/www/coin/pc/EARTH.png
https://assets.kucoin.com/www/coin/pc/EBET.png
https://assets.kucoin.com/www/coin/pc/EBG.png
https://assets.kucoin.com/www/coin/pc/EBIT.png
https://assets.kucoin.com/www/coin/pc/EC.png
https://assets.kucoin.com/www/coin/pc/ECA.png
https://assets.kucoin.com/www/coin/pc/ECHT.png
https://assets.kucoin.com/www/coin/pc/ECO.png
https://assets.kucoin.com/www/coin/pc/ECOB.png
https://assets.kucoin.com/www/coin/pc/ECOM.png
https://assets.kucoin.com/www/coin/pc/ECOMT.png
https://assets.kucoin.com/www/coin/pc/EDC.png
https://assets.kucoin.com/www/coin/pc/EDDIE.png
https://assets.kucoin.com/www/coin/pc/EDEX.png
https://assets.kucoin.com/www/coin/pc/EDG.png
https://assets.kucoin.com/www/coin/pc/EDO.png
https://assets.kucoin.com/www/coin/pc/EDRC.png
https://assets.kucoin.com/www/coin/pc/EDT.png
https://assets.kucoin.com/www/coin/pc/EFL.png
https://assets.kucoin.com/www/coin/pc/EGAMET.png
https://assets.kucoin.com/www/coin/pc/EGAS.png
https://assets.kucoin.com/www/coin/pc/EGC.png
https://assets.kucoin.com/www/coin/pc/EGCC.png
https://assets.kucoin.com/www/coin/pc/EGO.png
https://assets.kucoin.com/www/coin/pc/ELC.png
https://assets.kucoin.com/www/coin/pc/ELE.png
https://assets.kucoin.com/www/coin/pc/ELI.png
https://assets.kucoin.com/www/coin/pc/ELLA.png
https://assets.kucoin.com/www/coin/pc/ELM.png
https://assets.kucoin.com/www/coin/pc/ELTCOIN.png
https://assets.kucoin.com/www/coin/pc/EMC.png
https://assets.kucoin.com/www/coin/pc/EMC2.png
https://assets.kucoin.com/www/coin/pc/EMD.png
https://assets.kucoin.com/www/coin/pc/EMT.png
https://assets.kucoin.com/www/coin/pc/EMV.png
https://assets.kucoin.com/www/coin/pc/EMVC.png
https://assets.kucoin.com/www/coin/pc/ENG.png
https://assets.kucoin.com/www/coin/pc/ENO.png
https://assets.kucoin.com/www/coin/pc/ENTRC.png
https://assets.kucoin.com/www/coin/pc/EOSDAC.png
https://assets.kucoin.com/www/coin/pc/EPM.png
https://assets.kucoin.com/www/coin/pc/EPY.png
https://assets.kucoin.com/www/coin/pc/EQC.png
https://assets.kucoin.com/www/coin/pc/EQL.png
https://assets.kucoin.com/www/coin/pc/EQT.png
https://assets.kucoin.com/www/coin/pc/EREAL.png
https://assets.kucoin.com/www/coin/pc/ERY.png
https://assets.kucoin.com/www/coin/pc/ESZ.png
https://assets.kucoin.com/www/coin/pc/ETBS.png
https://assets.kucoin.com/www/coin/pc/ETHD.png
https://assets.kucoin.com/www/coin/pc/ETHOS.png
https://assets.kucoin.com/www/coin/pc/ETT.png
https://assets.kucoin.com/www/coin/pc/ETZ.png
https://assets.kucoin.com/www/coin/pc/EUC.png
https://assets.kucoin.com/www/coin/pc/EVC.png
https://assets.kucoin.com/www/coin/pc/EVE.png
https://assets.kucoin.com/www/coin/pc/EVIL.png
https://assets.kucoin.com/www/coin/pc/EVN.png
https://assets.kucoin.com/www/coin/pc/EVO.png
https://assets.kucoin.com/www/coin/pc/EVR.png
https://assets.kucoin.com/www/coin/pc/EXC.png
https://assets.kucoin.com/www/coin/pc/EXMR.png
https://assets.kucoin.com/www/coin/pc/EXP.png
https://assets.kucoin.com/www/coin/pc/EXRN.png
https://assets.kucoin.com/www/coin/pc/EXRT.png
https://assets.kucoin.com/www/coin/pc/EZEC.png
https://assets.kucoin.com/www/coin/pc/EZT.png
https://assets.kucoin.com/www/coin/pc/FACE.png
https://assets.kucoin.com/www/coin/pc/FANS.png
https://assets.kucoin.com/www/coin/pc/FAP.png
https://assets.kucoin.com/www/coin/pc/FBL.png
https://assets.kucoin.com/www/coin/pc/FC2.png
https://assets.kucoin.com/www/coin/pc/FCN.png
https://assets.kucoin.com/www/coin/pc/FCT.png
https://assets.kucoin.com/www/coin/pc/FDX.png
https://assets.kucoin.com/www/coin/pc/FDZ.png
https://assets.kucoin.com/www/coin/pc/FFC.png
https://assets.kucoin.com/www/coin/pc/FIT.png
https://assets.kucoin.com/www/coin/pc/FJC.png
https://assets.kucoin.com/www/coin/pc/FKX.png
https://assets.kucoin.com/www/coin/pc/FLASH.png
https://assets.kucoin.com/www/coin/pc/FLAX.png
https://assets.kucoin.com/www/coin/pc/FLIK.png
https://assets.kucoin.com/www/coin/pc/FLIP.png
https://assets.kucoin.com/www/coin/pc/FLT.png
https://assets.kucoin.com/www/coin/pc/FLUZ.png
https://assets.kucoin.com/www/coin/pc/FND.png
https://assets.kucoin.com/www/coin/pc/FNL.png
https://assets.kucoin.com/www/coin/pc/FONZ.png
https://assets.kucoin.com/www/coin/pc/FOPA.png
https://assets.kucoin.com/www/coin/pc/FORT.png
https://assets.kucoin.com/www/coin/pc/FRC.png
https://assets.kucoin.com/www/coin/pc/FRN.png
https://assets.kucoin.com/www/coin/pc/FSBT.png
https://assets.kucoin.com/www/coin/pc/FSN.png
https://assets.kucoin.com/www/coin/pc/FST.png
https://assets.kucoin.com/www/coin/pc/FT.png
https://assets.kucoin.com/www/coin/pc/FTC.png
https://assets.kucoin.com/www/coin/pc/FTCC.png
https://assets.kucoin.com/www/coin/pc/FTR.png
https://assets.kucoin.com/www/coin/pc/FTX.png
https://assets.kucoin.com/www/coin/pc/FUCK.png
https://assets.kucoin.com/www/coin/pc/FUEL.png
https://assets.kucoin.com/www/coin/pc/FUTX.png
https://assets.kucoin.com/www/coin/pc/FUZZ.png
https://assets.kucoin.com/www/coin/pc/FXT.png
https://assets.kucoin.com/www/coin/pc/FYN.png
https://assets.kucoin.com/www/coin/pc/GAIA.png
https://assets.kucoin.com/www/coin/pc/GAME.png
https://assets.kucoin.com/www/coin/pc/GAP.png
https://assets.kucoin.com/www/coin/pc/GBYTE.png
https://assets.kucoin.com/www/coin/pc/GCC.png
https://assets.kucoin.com/www/coin/pc/GDC.png
https://assets.kucoin.com/www/coin/pc/GEERT.png
https://assets.kucoin.com/www/coin/pc/GEM.png
https://assets.kucoin.com/www/coin/pc/GEN.png
https://assets.kucoin.com/www/coin/pc/GEN2.png
https://assets.kucoin.com/www/coin/pc/GEO.png
https://assets.kucoin.com/www/coin/pc/GET.png
https://assets.kucoin.com/www/coin/pc/GET2.png
https://assets.kucoin.com/www/coin/pc/GFL.png
https://assets.kucoin.com/www/coin/pc/GGS.png
https://assets.kucoin.com/www/coin/pc/GIM.png
https://assets.kucoin.com/www/coin/pc/GJC.png
https://assets.kucoin.com/www/coin/pc/GLD.png
https://assets.kucoin.com/www/coin/pc/GMIT.png
https://assets.kucoin.com/www/coin/pc/GMP.png
https://assets.kucoin.com/www/coin/pc/GNR.png
https://assets.kucoin.com/www/coin/pc/GNX.png
https://assets.kucoin.com/www/coin/pc/GOAL.png
https://assets.kucoin.com/www/coin/pc/GOLD.png
https://assets.kucoin.com/www/coin/pc/GOOC.png
https://assets.kucoin.com/www/coin/pc/GOOD.png
https://assets.kucoin.com/www/coin/pc/GP.png
https://assets.kucoin.com/www/coin/pc/GPL.png
https://assets.kucoin.com/www/coin/pc/GRID.png
https://assets.kucoin.com/www/coin/pc/GRN.png
https://assets.kucoin.com/www/coin/pc/GRS.png
https://assets.kucoin.com/www/coin/pc/GRW.png
https://assets.kucoin.com/www/coin/pc/GRWI.png
https://assets.kucoin.com/www/coin/pc/GRX.png
https://assets.kucoin.com/www/coin/pc/GSC.png
https://assets.kucoin.com/www/coin/pc/GTC.png
https://assets.kucoin.com/www/coin/pc/GUESS.png
https://assets.kucoin.com/www/coin/pc/GUN.png
https://assets.kucoin.com/www/coin/pc/GUNS.png
https://assets.kucoin.com/www/coin/pc/GUP.png
https://assets.kucoin.com/www/coin/pc/GXG.png
https://assets.kucoin.com/www/coin/pc/GZENEW.png
https://assets.kucoin.com/www/coin/pc/H2O.png
https://assets.kucoin.com/www/coin/pc/HADE.png
https://assets.kucoin.com/www/coin/pc/HAL.png
https://assets.kucoin.com/www/coin/pc/HBC.png
https://assets.kucoin.com/www/coin/pc/HBN.png
https://assets.kucoin.com/www/coin/pc/HBT.png
https://assets.kucoin.com/www/coin/pc/HBZ.png
https://assets.kucoin.com/www/coin/pc/HC.png
https://assets.kucoin.com/www/coin/pc/HDLB.png
https://assets.kucoin.com/www/coin/pc/HEAT.png
https://assets.kucoin.com/www/coin/pc/HER.png
https://assets.kucoin.com/www/coin/pc/HGS.png
https://assets.kucoin.com/www/coin/pc/HIRE.png
https://assets.kucoin.com/www/coin/pc/HLM.png
https://assets.kucoin.com/www/coin/pc/HMQ.png
https://assets.kucoin.com/www/coin/pc/HOLD.png
https://assets.kucoin.com/www/coin/pc/HORSE.png
https://assets.kucoin.com/www/coin/pc/HOT.png
https://assets.kucoin.com/www/coin/pc/HQX.png
https://assets.kucoin.com/www/coin/pc/HUB.png
https://assets.kucoin.com/www/coin/pc/HUSH.png
https://assets.kucoin.com/www/coin/pc/HVN.png
https://assets.kucoin.com/www/coin/pc/HXX.png
https://assets.kucoin.com/www/coin/pc/HYDRO.png
https://assets.kucoin.com/www/coin/pc/HYP.png
https://assets.kucoin.com/www/coin/pc/HYTV.png
https://assets.kucoin.com/www/coin/pc/I0C.png
https://assets.kucoin.com/www/coin/pc/IAGT.png
https://assets.kucoin.com/www/coin/pc/IBA.png
https://assets.kucoin.com/www/coin/pc/IC.png
https://assets.kucoin.com/www/coin/pc/ICE.png
https://assets.kucoin.com/www/coin/pc/ICN.png
https://assets.kucoin.com/www/coin/pc/ICOB.png
https://assets.kucoin.com/www/coin/pc/ICOS.png
https://assets.kucoin.com/www/coin/pc/ICX.png
https://assets.kucoin.com/www/coin/pc/IDEA.png
https://assets.kucoin.com/www/coin/pc/IDXM.png
https://assets.kucoin.com/www/coin/pc/IGNX.png
https://assets.kucoin.com/www/coin/pc/IIC.png
https://assets.kucoin.com/www/coin/pc/IMC.png
https://assets.kucoin.com/www/coin/pc/IML.png
https://assets.kucoin.com/www/coin/pc/IMS.png
https://assets.kucoin.com/www/coin/pc/IN.png
https://assets.kucoin.com/www/coin/pc/INC.png
https://assets.kucoin.com/www/coin/pc/IND.png
https://assets.kucoin.com/www/coin/pc/INDI.png
https://assets.kucoin.com/www/coin/pc/INFX.png
https://assets.kucoin.com/www/coin/pc/INN.png
https://assets.kucoin.com/www/coin/pc/INPAY.png
https://assets.kucoin.com/www/coin/pc/INSN.png
https://assets.kucoin.com/www/coin/pc/INSTAR.png
https://assets.kucoin.com/www/coin/pc/INT.png
https://assets.kucoin.com/www/coin/pc/INXT.png
https://assets.kucoin.com/www/coin/pc/IPL.png
https://assets.kucoin.com/www/coin/pc/IPOS.png
https://assets.kucoin.com/www/coin/pc/IPSX.png
https://assets.kucoin.com/www/coin/pc/IPY.png
https://assets.kucoin.com/www/coin/pc/IQN.png
https://assets.kucoin.com/www/coin/pc/IRL.png
https://assets.kucoin.com/www/coin/pc/ITI.png
https://assets.kucoin.com/www/coin/pc/ITT.png
https://assets.kucoin.com/www/coin/pc/IVY.png
https://assets.kucoin.com/www/coin/pc/IWT.png
https://assets.kucoin.com/www/coin/pc/IXC.png
https://assets.kucoin.com/www/coin/pc/IXT.png
https://assets.kucoin.com/www/coin/pc/IZE.png
https://assets.kucoin.com/www/coin/pc/JET.png
https://assets.kucoin.com/www/coin/pc/JOE.png
https://assets.kucoin.com/www/coin/pc/JOT.png
https://assets.kucoin.com/www/coin/pc/KASH.png
https://assets.kucoin.com/www/coin/pc/KAYI.png
https://assets.kucoin.com/www/coin/pc/KBR.png
https://assets.kucoin.com/www/coin/pc/KCH.png
https://assets.kucoin.com/www/coin/pc/KCY.png
https://assets.kucoin.com/www/coin/pc/KDC.png
https://assets.kucoin.com/www/coin/pc/KED.png
https://assets.kucoin.com/www/coin/pc/KEK.png
https://assets.kucoin.com/www/coin/pc/KGB.png
https://assets.kucoin.com/www/coin/pc/KIN.png
https://assets.kucoin.com/www/coin/pc/KING.png
https://assets.kucoin.com/www/coin/pc/KMD.png
https://assets.kucoin.com/www/coin/pc/KMR.png
https://assets.kucoin.com/www/coin/pc/KNW.png
https://assets.kucoin.com/www/coin/pc/KOBO.png
https://assets.kucoin.com/www/coin/pc/KRB.png
https://assets.kucoin.com/www/coin/pc/KRI.png
https://assets.kucoin.com/www/coin/pc/KRL.png
https://assets.kucoin.com/www/coin/pc/KRONE.png
https://assets.kucoin.com/www/coin/pc/KSS.png
https://assets.kucoin.com/www/coin/pc/KTN.png
https://assets.kucoin.com/www/coin/pc/KUMA.png
https://assets.kucoin.com/www/coin/pc/KURT.png
https://assets.kucoin.com/www/coin/pc/KUSH.png
https://assets.kucoin.com/www/coin/pc/LANA.png
https://assets.kucoin.com/www/coin/pc/LATX.png
https://assets.kucoin.com/www/coin/pc/LBA.png
https://assets.kucoin.com/www/coin/pc/LBC.png
https://assets.kucoin.com/www/coin/pc/LBTC.png
https://assets.kucoin.com/www/coin/pc/LCD.png
https://assets.kucoin.com/www/coin/pc/LCP.png
https://assets.kucoin.com/www/coin/pc/LDC.png
https://assets.kucoin.com/www/coin/pc/LDM.png
https://assets.kucoin.com/www/coin/pc/LDN.png
https://assets.kucoin.com/www/coin/pc/LDOGE.png
https://assets.kucoin.com/www/coin/pc/LEA.png
https://assets.kucoin.com/www/coin/pc/LEDU.png
https://assets.kucoin.com/www/coin/pc/LEMON.png
https://assets.kucoin.com/www/coin/pc/LEV.png
https://assets.kucoin.com/www/coin/pc/LGO.png
https://assets.kucoin.com/www/coin/pc/LHCOIN.png
https://assets.kucoin.com/www/coin/pc/LIF.png
https://assets.kucoin.com/www/coin/pc/LIFE.png
https://assets.kucoin.com/www/coin/pc/LINA.png
https://assets.kucoin.com/www/coin/pc/LINDA.png
https://assets.kucoin.com/www/coin/pc/LINK.png
https://assets.kucoin.com/www/coin/pc/LINX.png
https://assets.kucoin.com/www/coin/pc/LION.png
https://assets.kucoin.com/www/coin/pc/LIRA.png
https://assets.kucoin.com/www/coin/pc/LIT.png
https://assets.kucoin.com/www/coin/pc/LIVE.png
https://assets.kucoin.com/www/coin/pc/LIZI.png
https://assets.kucoin.com/www/coin/pc/LLT.png
https://assets.kucoin.com/www/coin/pc/LNC.png
https://assets.kucoin.com/www/coin/pc/LND.png
https://assets.kucoin.com/www/coin/pc/LNK.png
https://assets.kucoin.com/www/coin/pc/LOC.png
https://assets.kucoin.com/www/coin/pc/LRC.png
https://assets.kucoin.com/www/coin/pc/LSK.png
https://assets.kucoin.com/www/coin/pc/LST.png
https://assets.kucoin.com/www/coin/pc/LTB.png
https://assets.kucoin.com/www/coin/pc/LTCU.png
https://assets.kucoin.com/www/coin/pc/LTO.png
https://assets.kucoin.com/www/coin/pc/LUC.png
https://assets.kucoin.com/www/coin/pc/LUCK.png
https://assets.kucoin.com/www/coin/pc/LUN.png
https://assets.kucoin.com/www/coin/pc/LUX.png
https://assets.kucoin.com/www/coin/pc/LWF.png
https://assets.kucoin.com/www/coin/pc/LXT.png
https://assets.kucoin.com/www/coin/pc/MAC.png
https://assets.kucoin.com/www/coin/pc/MAD.png
https://assets.kucoin.com/www/coin/pc/MAG.png
https://assets.kucoin.com/www/coin/pc/MAGE.png
https://assets.kucoin.com/www/coin/pc/MAGN.png
https://assets.kucoin.com/www/coin/pc/MAID.png
https://assets.kucoin.com/www/coin/pc/MAR.png
https://assets.kucoin.com/www/coin/pc/MARKS.png
https://assets.kucoin.com/www/coin/pc/MARS.png
https://assets.kucoin.com/www/coin/pc/MARX.png
https://assets.kucoin.com/www/coin/pc/MAT.png
https://assets.kucoin.com/www/coin/pc/MATRX.png
https://assets.kucoin.com/www/coin/pc/MCAP.png
https://assets.kucoin.com/www/coin/pc/MCD.png
https://assets.kucoin.com/www/coin/pc/MCO.png
https://assets.kucoin.com/www/coin/pc/MCRN.png
https://assets.kucoin.com/www/coin/pc/MDA.png
https://assets.kucoin.com/www/coin/pc/MEC.png
https://assets.kucoin.com/www/coin/pc/MEDI.png
https://assets.kucoin.com/www/coin/pc/MEX.png
https://assets.kucoin.com/www/coin/pc/MFG.png
https://assets.kucoin.com/www/coin/pc/MIND.png
https://assets.kucoin.com/www/coin/pc/MINEX.png
https://assets.kucoin.com/www/coin/pc/MINT.png
https://assets.kucoin.com/www/coin/pc/MIRO.png
https://assets.kucoin.com/www/coin/pc/MITX.png
https://assets.kucoin.com/www/coin/pc/MLD.png
https://assets.kucoin.com/www/coin/pc/MLITE.png
https://assets.kucoin.com/www/coin/pc/MLN.png
https://assets.kucoin.com/www/coin/pc/MNE.png
https://assets.kucoin.com/www/coin/pc/MNM.png
https://assets.kucoin.com/www/coin/pc/MNTP.png
https://assets.kucoin.com/www/coin/pc/MOC.png
https://assets.kucoin.com/www/coin/pc/MOIN.png
https://assets.kucoin.com/www/coin/pc/MOJO.png
https://assets.kucoin.com/www/coin/pc/MONK.png
https://assets.kucoin.com/www/coin/pc/MOO.png
https://assets.kucoin.com/www/coin/pc/MORPH.png
https://assets.kucoin.com/www/coin/pc/MOT.png
https://assets.kucoin.com/www/coin/pc/MOTO.png
https://assets.kucoin.com/www/coin/pc/MOVI.png
https://assets.kucoin.com/www/coin/pc/MPRM.png
https://assets.kucoin.com/www/coin/pc/MRK.png
https://assets.kucoin.com/www/coin/pc/MRV.png
https://assets.kucoin.com/www/coin/pc/MST.png
https://assets.kucoin.com/www/coin/pc/MTC.png
https://assets.kucoin.com/www/coin/pc/MTLMC.png
https://assets.kucoin.com/www/coin/pc/MTNC.png
https://assets.kucoin.com/www/coin/pc/MTP.png
https://assets.kucoin.com/www/coin/pc/MTRC.png
https://assets.kucoin.com/www/coin/pc/MUSIC.png
https://assets.kucoin.com/www/coin/pc/MXX.png
https://assets.kucoin.com/www/coin/pc/MYB.png
https://assets.kucoin.com/www/coin/pc/MYST.png
https://assets.kucoin.com/www/coin/pc/MZC.png
https://assets.kucoin.com/www/coin/pc/MZI.png
https://assets.kucoin.com/www/coin/pc/NAMO.png
https://assets.kucoin.com/www/coin/pc/NAS.png
https://assets.kucoin.com/www/coin/pc/NAV.png
https://assets.kucoin.com/www/coin/pc/NAVI.png
https://assets.kucoin.com/www/coin/pc/NBAI.png
https://assets.kucoin.com/www/coin/pc/NBTK.png
https://assets.kucoin.com/www/coin/pc/NCASH.png
https://assets.kucoin.com/www/coin/pc/NCT.png
https://assets.kucoin.com/www/coin/pc/NDAO.png
https://assets.kucoin.com/www/coin/pc/NDC.png
https://assets.kucoin.com/www/coin/pc/NEBO.png
https://assets.kucoin.com/www/coin/pc/NETKO.png
https://assets.kucoin.com/www/coin/pc/NEU.png
https://assets.kucoin.com/www/coin/pc/NEVA.png
https://assets.kucoin.com/www/coin/pc/NEWB.png
https://assets.kucoin.com/www/coin/pc/NEXO.png
https://assets.kucoin.com/www/coin/pc/NEXT.png
https://assets.kucoin.com/www/coin/pc/NGC.png
https://assets.kucoin.com/www/coin/pc/NIMFA.png
https://assets.kucoin.com/www/coin/pc/NIO.png
https://assets.kucoin.com/www/coin/pc/NLC2.png
https://assets.kucoin.com/www/coin/pc/NLX.png
https://assets.kucoin.com/www/coin/pc/NMC.png
https://assets.kucoin.com/www/coin/pc/NMR.png
https://assets.kucoin.com/www/coin/pc/NMS.png
https://assets.kucoin.com/www/coin/pc/NOBL.png
https://assets.kucoin.com/www/coin/pc/NODE.png
https://assets.kucoin.com/www/coin/pc/NOX.png
https://assets.kucoin.com/www/coin/pc/NPX.png
https://assets.kucoin.com/www/coin/pc/NPXS.png
https://assets.kucoin.com/www/coin/pc/NTK.png
https://assets.kucoin.com/www/coin/pc/NTRN.png
https://assets.kucoin.com/www/coin/pc/NTWK.png
https://assets.kucoin.com/www/coin/pc/NVC.png
https://assets.kucoin.com/www/coin/pc/NXC.png
https://assets.kucoin.com/www/coin/pc/NXS.png
https://assets.kucoin.com/www/coin/pc/NYAN.png
https://assets.kucoin.com/www/coin/pc/OAX.png
https://assets.kucoin.com/www/coin/pc/OBZ.png
https://assets.kucoin.com/www/coin/pc/ODEM.png
https://assets.kucoin.com/www/coin/pc/ODIN.png
https://assets.kucoin.com/www/coin/pc/ODN.png
https://assets.kucoin.com/www/coin/pc/OFF.png
https://assets.kucoin.com/www/coin/pc/OK.png
https://assets.kucoin.com/www/coin/pc/OOO.png
https://assets.kucoin.com/www/coin/pc/OPAL.png
https://assets.kucoin.com/www/coin/pc/OPC.png
https://assets.kucoin.com/www/coin/pc/OPT.png
https://assets.kucoin.com/www/coin/pc/ORB.png
https://assets.kucoin.com/www/coin/pc/ORE.png
https://assets.kucoin.com/www/coin/pc/ORI.png
https://assets.kucoin.com/www/coin/pc/OSC.png
https://assets.kucoin.com/www/coin/pc/OTN.png
https://assets.kucoin.com/www/coin/pc/OXY.png
https://assets.kucoin.com/www/coin/pc/OZC.png
https://assets.kucoin.com/www/coin/pc/PAK.png
https://assets.kucoin.com/www/coin/pc/PAL.png
https://assets.kucoin.com/www/coin/pc/PAR.png
https://assets.kucoin.com/www/coin/pc/PAS.png
https://assets.kucoin.com/www/coin/pc/PASL.png
https://assets.kucoin.com/www/coin/pc/PC.png
https://assets.kucoin.com/www/coin/pc/PCC.png
https://assets.kucoin.com/www/coin/pc/PCL.png
https://assets.kucoin.com/www/coin/pc/PCOIN.png
https://assets.kucoin.com/www/coin/pc/PEPE.png
https://assets.kucoin.com/www/coin/pc/PEXT.png
https://assets.kucoin.com/www/coin/pc/PFR.png
https://assets.kucoin.com/www/coin/pc/PGL.png
https://assets.kucoin.com/www/coin/pc/PHR.png
https://assets.kucoin.com/www/coin/pc/PHS.png
https://assets.kucoin.com/www/coin/pc/PIGGY.png
https://assets.kucoin.com/www/coin/pc/PINK.png
https://assets.kucoin.com/www/coin/pc/PIRL.png
https://assets.kucoin.com/www/coin/pc/PIVX.png
https://assets.kucoin.com/www/coin/pc/PIX.png
https://assets.kucoin.com/www/coin/pc/PKT.png
https://assets.kucoin.com/www/coin/pc/PLBT.png
https://assets.kucoin.com/www/coin/pc/PLU.png
https://assets.kucoin.com/www/coin/pc/PMNT.png
https://assets.kucoin.com/www/coin/pc/PMT.png
https://assets.kucoin.com/www/coin/pc/PND.png
https://assets.kucoin.com/www/coin/pc/POA20.png
https://assets.kucoin.com/www/coin/pc/POLIS.png
https://assets.kucoin.com/www/coin/pc/POOL.png
https://assets.kucoin.com/www/coin/pc/POP.png
https://assets.kucoin.com/www/coin/pc/PORTAL.png
https://assets.kucoin.com/www/coin/pc/POST.png
https://assets.kucoin.com/www/coin/pc/POT.png
https://assets.kucoin.com/www/coin/pc/PPC.png
https://assets.kucoin.com/www/coin/pc/PPP.png
https://assets.kucoin.com/www/coin/pc/PPT2.png
https://assets.kucoin.com/www/coin/pc/PR.png
https://assets.kucoin.com/www/coin/pc/PRE.png
https://assets.kucoin.com/www/coin/pc/PRFT.png
https://assets.kucoin.com/www/coin/pc/PRG.png
https://assets.kucoin.com/www/coin/pc/PRIX.png
https://assets.kucoin.com/www/coin/pc/PRO.png
https://assets.kucoin.com/www/coin/pc/PRO2.png
https://assets.kucoin.com/www/coin/pc/PROC.png
https://assets.kucoin.com/www/coin/pc/PROUD.png
https://assets.kucoin.com/www/coin/pc/PRS.png
https://assets.kucoin.com/www/coin/pc/PST.png
https://assets.kucoin.com/www/coin/pc/PTC.png
https://assets.kucoin.com/www/coin/pc/PTM.png
https://assets.kucoin.com/www/coin/pc/PTOY.png
https://assets.kucoin.com/www/coin/pc/PUT.png
https://assets.kucoin.com/www/coin/pc/PXC.png
https://assets.kucoin.com/www/coin/pc/PXI.png
https://assets.kucoin.com/www/coin/pc/PXT.png
https://assets.kucoin.com/www/coin/pc/PYN.png
https://assets.kucoin.com/www/coin/pc/Q2C.png
https://assets.kucoin.com/www/coin/pc/QASH.png
https://assets.kucoin.com/www/coin/pc/QAU.png
https://assets.kucoin.com/www/coin/pc/QBT.png
https://assets.kucoin.com/www/coin/pc/QRK.png
https://assets.kucoin.com/www/coin/pc/QRL.png
https://assets.kucoin.com/www/coin/pc/QTL.png
https://assets.kucoin.com/www/coin/pc/QVT.png
https://assets.kucoin.com/www/coin/pc/QWARK.png
https://assets.kucoin.com/www/coin/pc/RAIN.png
https://assets.kucoin.com/www/coin/pc/RAVE.png
https://assets.kucoin.com/www/coin/pc/RBLX.png
https://assets.kucoin.com/www/coin/pc/RBT.png
https://assets.kucoin.com/www/coin/pc/RBY.png
https://assets.kucoin.com/www/coin/pc/RC.png
https://assets.kucoin.com/www/coin/pc/RCC.png
https://assets.kucoin.com/www/coin/pc/RCN.png
https://assets.kucoin.com/www/coin/pc/RCT.png
https://assets.kucoin.com/www/coin/pc/RDD.png
https://assets.kucoin.com/www/coin/pc/REA.png
https://assets.kucoin.com/www/coin/pc/REAL.png
https://assets.kucoin.com/www/coin/pc/RED.png
https://assets.kucoin.com/www/coin/pc/REF.png
https://assets.kucoin.com/www/coin/pc/REM.png
https://assets.kucoin.com/www/coin/pc/REN.png
https://assets.kucoin.com/www/coin/pc/REPUX.png
https://assets.kucoin.com/www/coin/pc/RETN.png
https://assets.kucoin.com/www/coin/pc/REX.png
https://assets.kucoin.com/www/coin/pc/RFR.png
https://assets.kucoin.com/www/coin/pc/RICKS.png
https://assets.kucoin.com/www/coin/pc/RIYA.png
https://assets.kucoin.com/www/coin/pc/RKC.png
https://assets.kucoin.com/www/coin/pc/RKT.png
https://assets.kucoin.com/www/coin/pc/RLC.png
https://assets.kucoin.com/www/coin/pc/RLX.png
https://assets.kucoin.com/www/coin/pc/RNB.png
https://assets.kucoin.com/www/coin/pc/RNS.png
https://assets.kucoin.com/www/coin/pc/RNT.png
https://assets.kucoin.com/www/coin/pc/ROC.png
https://assets.kucoin.com/www/coin/pc/ROCK.png
https://assets.kucoin.com/www/coin/pc/ROOTS.png
https://assets.kucoin.com/www/coin/pc/RPC.png
https://assets.kucoin.com/www/coin/pc/RPIL.png
https://assets.kucoin.com/www/coin/pc/RPL.png
https://assets.kucoin.com/www/coin/pc/RPT.png
https://assets.kucoin.com/www/coin/pc/RST.png
https://assets.kucoin.com/www/coin/pc/RTB.png
https://assets.kucoin.com/www/coin/pc/RUP.png
https://assets.kucoin.com/www/coin/pc/RVT.png
https://assets.kucoin.com/www/coin/pc/SAFEX.png
https://assets.kucoin.com/www/coin/pc/SAGA.png
https://assets.kucoin.com/www/coin/pc/SAK.png
https://assets.kucoin.com/www/coin/pc/SAL.png
https://assets.kucoin.com/www/coin/pc/SALT.png
https://assets.kucoin.com/www/coin/pc/SAN.png
https://assets.kucoin.com/www/coin/pc/SAND.png
https://assets.kucoin.com/www/coin/pc/SAT.png
https://assets.kucoin.com/www/coin/pc/SBC.png
https://assets.kucoin.com/www/coin/pc/SCASH.png
https://assets.kucoin.com/www/coin/pc/SCX.png
https://assets.kucoin.com/www/coin/pc/SDAO.png
https://assets.kucoin.com/www/coin/pc/SEL.png
https://assets.kucoin.com/www/coin/pc/SEN.png
https://assets.kucoin.com/www/coin/pc/SENC.png
https://assets.kucoin.com/www/coin/pc/SEND.png
https://assets.kucoin.com/www/coin/pc/SENSE.png
https://assets.kucoin.com/www/coin/pc/SENT.png
https://assets.kucoin.com/www/coin/pc/SER.png
https://assets.kucoin.com/www/coin/pc/SETH.png
https://assets.kucoin.com/www/coin/pc/SFC.png
https://assets.kucoin.com/www/coin/pc/SFU.png
https://assets.kucoin.com/www/coin/pc/SGG.png
https://assets.kucoin.com/www/coin/pc/SGN.png
https://assets.kucoin.com/www/coin/pc/SGR.png
https://assets.kucoin.com/www/coin/pc/SGT.png
https://assets.kucoin.com/www/coin/pc/SHA.png
https://assets.kucoin.com/www/coin/pc/SHE.png
https://assets.kucoin.com/www/coin/pc/SHIP.png
https://assets.kucoin.com/www/coin/pc/SHLD.png
https://assets.kucoin.com/www/coin/pc/SHP.png
https://assets.kucoin.com/www/coin/pc/SHPING.png
https://assets.kucoin.com/www/coin/pc/SHRM.png
https://assets.kucoin.com/www/coin/pc/SIB.png
https://assets.kucoin.com/www/coin/pc/SIG.png
https://assets.kucoin.com/www/coin/pc/SJW.png
https://assets.kucoin.com/www/coin/pc/SKC.png
https://assets.kucoin.com/www/coin/pc/SKCH.png
https://assets.kucoin.com/www/coin/pc/SKM.png
https://assets.kucoin.com/www/coin/pc/SKRL.png
https://assets.kucoin.com/www/coin/pc/SKRP.png
https://assets.kucoin.com/www/coin/pc/SKY.png
https://assets.kucoin.com/www/coin/pc/SLG.png
https://assets.kucoin.com/www/coin/pc/SLIP.png
https://assets.kucoin.com/www/coin/pc/SMART.png
https://assets.kucoin.com/www/coin/pc/SMC.png
https://assets.kucoin.com/www/coin/pc/SME.png
https://assets.kucoin.com/www/coin/pc/SMT.png
https://assets.kucoin.com/www/coin/pc/SMT2.png
https://assets.kucoin.com/www/coin/pc/SND.png
https://assets.kucoin.com/www/coin/pc/SNIP.png
https://assets.kucoin.com/www/coin/pc/SNTR.png
https://assets.kucoin.com/www/coin/pc/SOIL.png
https://assets.kucoin.com/www/coin/pc/SOL.png
https://assets.kucoin.com/www/coin/pc/SONG.png
https://assets.kucoin.com/www/coin/pc/SOON.png
https://assets.kucoin.com/www/coin/pc/SPACE.png
https://assets.kucoin.com/www/coin/pc/SPARK.png
https://assets.kucoin.com/www/coin/pc/SPN.png
https://assets.kucoin.com/www/coin/pc/SPR.png
https://assets.kucoin.com/www/coin/pc/SPT.png
https://assets.kucoin.com/www/coin/pc/SPX.png
https://assets.kucoin.com/www/coin/pc/SQL.png
https://assets.kucoin.com/www/coin/pc/SRC.png
https://assets.kucoin.com/www/coin/pc/SRG.png
https://assets.kucoin.com/www/coin/pc/SRNT.png
https://assets.kucoin.com/www/coin/pc/SS.png
https://assets.kucoin.com/www/coin/pc/ST.png
https://assets.kucoin.com/www/coin/pc/STAR.png
https://assets.kucoin.com/www/coin/pc/START.png
https://assets.kucoin.com/www/coin/pc/STB.png
https://assets.kucoin.com/www/coin/pc/STC.png
https://assets.kucoin.com/www/coin/pc/STCN.png
https://assets.kucoin.com/www/coin/pc/STN.png
https://assets.kucoin.com/www/coin/pc/STORJ.png
https://assets.kucoin.com/www/coin/pc/STORM.png
https://assets.kucoin.com/www/coin/pc/STP.png
https://assets.kucoin.com/www/coin/pc/STQ.png
https://assets.kucoin.com/www/coin/pc/STRAT.png
https://assets.kucoin.com/www/coin/pc/STU.png
https://assets.kucoin.com/www/coin/pc/STV.png
https://assets.kucoin.com/www/coin/pc/STY.png
https://assets.kucoin.com/www/coin/pc/SUMO.png
https://assets.kucoin.com/www/coin/pc/SWING.png
https://assets.kucoin.com/www/coin/pc/SWM.png
https://assets.kucoin.com/www/coin/pc/SWT.png
https://assets.kucoin.com/www/coin/pc/SXC.png
https://assets.kucoin.com/www/coin/pc/SXDT.png
https://assets.kucoin.com/www/coin/pc/SXUT.png
https://assets.kucoin.com/www/coin/pc/SYNX.png
https://assets.kucoin.com/www/coin/pc/T4GM.png
https://assets.kucoin.com/www/coin/pc/TAAS.png
https://assets.kucoin.com/www/coin/pc/TAJ.png
https://assets.kucoin.com/www/coin/pc/TAU.png
https://assets.kucoin.com/www/coin/pc/TBAR.png
https://assets.kucoin.com/www/coin/pc/TBX.png
https://assets.kucoin.com/www/coin/pc/TDC.png
https://assets.kucoin.com/www/coin/pc/TDH.png
https://assets.kucoin.com/www/coin/pc/TEAM.png
https://assets.kucoin.com/www/coin/pc/TEK.png
https://assets.kucoin.com/www/coin/pc/TER.png
https://assets.kucoin.com/www/coin/pc/TES.png
https://assets.kucoin.com/www/coin/pc/TFD.png
https://assets.kucoin.com/www/coin/pc/TFT.png
https://assets.kucoin.com/www/coin/pc/TGC.png
https://assets.kucoin.com/www/coin/pc/TGT.png
https://assets.kucoin.com/www/coin/pc/THETA.png
https://assets.kucoin.com/www/coin/pc/TIE.png
https://assets.kucoin.com/www/coin/pc/TIT.png
https://assets.kucoin.com/www/coin/pc/TKA.png
https://assets.kucoin.com/www/coin/pc/TKN.png
https://assets.kucoin.com/www/coin/pc/TKR.png
https://assets.kucoin.com/www/coin/pc/TKT.png
https://assets.kucoin.com/www/coin/pc/TNT.png
https://assets.kucoin.com/www/coin/pc/TOA.png
https://assets.kucoin.com/www/coin/pc/TOK.png
https://assets.kucoin.com/www/coin/pc/TOKE.png
https://assets.kucoin.com/www/coin/pc/TOP.png
https://assets.kucoin.com/www/coin/pc/TOV.png
https://assets.kucoin.com/www/coin/pc/TPT.png
https://assets.kucoin.com/www/coin/pc/TRAK.png
https://assets.kucoin.com/www/coin/pc/TRBO.png
https://assets.kucoin.com/www/coin/pc/TRC.png
https://assets.kucoin.com/www/coin/pc/TRDT.png
https://assets.kucoin.com/www/coin/pc/TRI.png
https://assets.kucoin.com/www/coin/pc/TRIA.png
https://assets.kucoin.com/www/coin/pc/TRK.png
https://assets.kucoin.com/www/coin/pc/TRST.png
https://assets.kucoin.com/www/coin/pc/TRUMP.png
https://assets.kucoin.com/www/coin/pc/TRV.png
https://assets.kucoin.com/www/coin/pc/TSE.png
https://assets.kucoin.com/www/coin/pc/TSS.png
https://assets.kucoin.com/www/coin/pc/TTC.png
https://assets.kucoin.com/www/coin/pc/TTT.png
https://assets.kucoin.com/www/coin/pc/TTV.png
https://assets.kucoin.com/www/coin/pc/TTY.png
https://assets.kucoin.com/www/coin/pc/TX.png
https://assets.kucoin.com/www/coin/pc/TZC.png
https://assets.kucoin.com/www/coin/pc/UBQ.png
https://assets.kucoin.com/www/coin/pc/UBT.png
https://assets.kucoin.com/www/coin/pc/UC.png
https://assets.kucoin.com/www/coin/pc/UCN.png
https://assets.kucoin.com/www/coin/pc/UIP.png
https://assets.kucoin.com/www/coin/pc/UIS.png
https://assets.kucoin.com/www/coin/pc/UMC.png
https://assets.kucoin.com/www/coin/pc/UMO.png
https://assets.kucoin.com/www/coin/pc/UNIC.png
https://assets.kucoin.com/www/coin/pc/UNIFY.png
https://assets.kucoin.com/www/coin/pc/UNIT.png
https://assets.kucoin.com/www/coin/pc/UNITS.png
https://assets.kucoin.com/www/coin/pc/UNO.png
https://assets.kucoin.com/www/coin/pc/UQC.png
https://assets.kucoin.com/www/coin/pc/UR.png
https://assets.kucoin.com/www/coin/pc/UST.png
https://assets.kucoin.com/www/coin/pc/UTC.png
https://assets.kucoin.com/www/coin/pc/UTNP.png
https://assets.kucoin.com/www/coin/pc/UUU.png
https://assets.kucoin.com/www/coin/pc/V.png
https://assets.kucoin.com/www/coin/pc/VADE.png
https://assets.kucoin.com/www/coin/pc/VCC.png
https://assets.kucoin.com/www/coin/pc/VEE.png
https://assets.kucoin.com/www/coin/pc/VIB.png
https://assets.kucoin.com/www/coin/pc/VIBE.png
https://assets.kucoin.com/www/coin/pc/VIDZ.png
https://assets.kucoin.com/www/coin/pc/VIEW.png
https://assets.kucoin.com/www/coin/pc/VIN.png
https://assets.kucoin.com/www/coin/pc/VIO.png
https://assets.kucoin.com/www/coin/pc/VIU.png
https://assets.kucoin.com/www/coin/pc/VIVO.png
https://assets.kucoin.com/www/coin/pc/VLD.png
https://assets.kucoin.com/www/coin/pc/VPRC.png
https://assets.kucoin.com/www/coin/pc/VRC.png
https://assets.kucoin.com/www/coin/pc/VRM.png
https://assets.kucoin.com/www/coin/pc/VSL.png
https://assets.kucoin.com/www/coin/pc/VST.png
https://assets.kucoin.com/www/coin/pc/VUC.png
https://assets.kucoin.com/www/coin/pc/VXD.png
https://assets.kucoin.com/www/coin/pc/VZT.png
https://assets.kucoin.com/www/coin/pc/WABI.png
https://assets.kucoin.com/www/coin/pc/WAND.png
https://assets.kucoin.com/www/coin/pc/WC.png
https://assets.kucoin.com/www/coin/pc/WDC.png
https://assets.kucoin.com/www/coin/pc/WEED.png
https://assets.kucoin.com/www/coin/pc/WEL.png
https://assets.kucoin.com/www/coin/pc/WIC.png
https://assets.kucoin.com/www/coin/pc/WIND.png
https://assets.kucoin.com/www/coin/pc/WINGS.png
https://assets.kucoin.com/www/coin/pc/WIZ.png
https://assets.kucoin.com/www/coin/pc/WLC.png
https://assets.kucoin.com/www/coin/pc/WOLK.png
https://assets.kucoin.com/www/coin/pc/WSP.png
https://assets.kucoin.com/www/coin/pc/WSX.png
https://assets.kucoin.com/www/coin/pc/WTT.png
https://assets.kucoin.com/www/coin/pc/WW.png
https://assets.kucoin.com/www/coin/pc/WYS.png
https://assets.kucoin.com/www/coin/pc/WZI.png
https://assets.kucoin.com/www/coin/pc/X8X.png
https://assets.kucoin.com/www/coin/pc/XAI.png
https://assets.kucoin.com/www/coin/pc/XAUR.png
https://assets.kucoin.com/www/coin/pc/XBC.png
https://assets.kucoin.com/www/coin/pc/XBL.png
https://assets.kucoin.com/www/coin/pc/XBP.png
https://assets.kucoin.com/www/coin/pc/XBTS.png
https://assets.kucoin.com/www/coin/pc/XBY.png
https://assets.kucoin.com/www/coin/pc/XCO.png
https://assets.kucoin.com/www/coin/pc/XCPO.png
https://assets.kucoin.com/www/coin/pc/XCRE.png
https://assets.kucoin.com/www/coin/pc/XCT.png
https://assets.kucoin.com/www/coin/pc/XCXT.png
https://assets.kucoin.com/www/coin/pc/XDCE.png
https://assets.kucoin.com/www/coin/pc/XEM.png
https://assets.kucoin.com/www/coin/pc/XES.png
https://assets.kucoin.com/www/coin/pc/XGOX.png
https://assets.kucoin.com/www/coin/pc/XHY.png
https://assets.kucoin.com/www/coin/pc/XID.png
https://assets.kucoin.com/www/coin/pc/XJO.png
https://assets.kucoin.com/www/coin/pc/XLC.png
https://assets.kucoin.com/www/coin/pc/XMCC.png
https://assets.kucoin.com/www/coin/pc/XMG.png
https://assets.kucoin.com/www/coin/pc/XMR.png
https://assets.kucoin.com/www/coin/pc/XMY.png
https://assets.kucoin.com/www/coin/pc/XNK.png
https://assets.kucoin.com/www/coin/pc/XNN.png
https://assets.kucoin.com/www/coin/pc/XP.png
https://assets.kucoin.com/www/coin/pc/XPD.png
https://assets.kucoin.com/www/coin/pc/XPM.png
https://assets.kucoin.com/www/coin/pc/XPST.png
https://assets.kucoin.com/www/coin/pc/XPTX.png
https://assets.kucoin.com/www/coin/pc/XRA.png
https://assets.kucoin.com/www/coin/pc/XRE.png
https://assets.kucoin.com/www/coin/pc/XRL.png
https://assets.kucoin.com/www/coin/pc/XRY.png
https://assets.kucoin.com/www/coin/pc/XSC.png
https://assets.kucoin.com/www/coin/pc/XSN.png
https://assets.kucoin.com/www/coin/pc/XSPEC.png
https://assets.kucoin.com/www/coin/pc/XST.png
https://assets.kucoin.com/www/coin/pc/XTRD.png
https://assets.kucoin.com/www/coin/pc/XUC.png
https://assets.kucoin.com/www/coin/pc/XVG.png
https://assets.kucoin.com/www/coin/pc/XYO.png
https://assets.kucoin.com/www/coin/pc/XZC.png
https://assets.kucoin.com/www/coin/pc/YEED.png
https://assets.kucoin.com/www/coin/pc/YOVI.png
https://assets.kucoin.com/www/coin/pc/YUP.png
https://assets.kucoin.com/www/coin/pc/ZAP.png
https://assets.kucoin.com/www/coin/pc/ZCASHC.png
https://assets.kucoin.com/www/coin/pc/ZCL.png
https://assets.kucoin.com/www/coin/pc/ZCO.png
https://assets.kucoin.com/www/coin/pc/ZDR.png
https://assets.kucoin.com/www/coin/pc/ZEC.png
https://assets.kucoin.com/www/coin/pc/ZEN.png
https://assets.kucoin.com/www/coin/pc/ZER.png
https://assets.kucoin.com/www/coin/pc/ZET.png
https://assets.kucoin.com/www/coin/pc/ZNY.png
https://assets.kucoin.com/www/coin/pc/ZOI.png
https://assets.kucoin.com/www/coin/pc/ZONTO.png
https://assets.kucoin.com/www/coin/pc/ZSE.png
